// Jest Snapshot v1, https://goo.gl/fbAQLP

exports[`Sun Icon component renders a sun SVG icon properly 1`] = `
<svg
  className="w-6 h-6"
  fill="none"
  strokeLinecap="round"
  strokeLinejoin="round"
  strokeWidth="2"
  viewBox="0 0 24 24"
>
  <path
    className="stroke-slate-400 dark:stroke-slate-500"
    d="M15 12a3 3 0 1 1-6 0 3 3 0 0 1 6 0Z"
  />
  <path
    className="stroke-slate-400 dark:stroke-slate-500"
    d="M12 4v1M17.66 6.344l-.828.828M20.005 12.004h-1M17.66 17.664l-.828-.828M12 20.01V19M6.34 17.664l.835-.836M3.995 12.004h1.01M6 6l.835.836"
  />
</svg>
`;
