// Jest Snapshot v1, https://goo.gl/fbAQLP

exports[`Merge Markdown Data method returns the file as expected 1`] = `
"---
title: 'Welcome'
status: 'published'
author:
  name: 'Brandon Owens'
  picture: 'https://avatars.githubusercontent.com/u/10189130?v=4'
slug: 'welcome'
description: 'Welcome to Elegant.'
coverImage: '/images/social-card-large-EyMT.jpg'
---

                        ## Welcome to Elegant!                        We are excited that you are here ðŸ˜Š                                                <div class="my-8 shadow-xl"><img class="rounded-xl" src="/images/screenrecorderproject28--1--AwNz.png" alt=""></div>        "
`;
