// Jest Snapshot v1, https://goo.gl/fbAQLP

exports[`The Admin Log In page renders properly 1`] = `
<React.Fragment>
  <Head>
    <title>
      Log In - Elegant - The unit testing application. - Elegant
    </title>
  </Head>
  <main
    className="relative flex h-screen flex-col items-center justify-center z-10 p-4"
  >
    <div
      className="sm:mx-auto sm:w-full sm:max-w-md"
    >
      <Logo
        className="w-auto h-8 mx-auto"
      />
    </div>
    <Card
      className="mt-10"
    >
      <p
        className="mb-5 dark:text-slate-200"
      >
        Sign in with GitHub to access your dashboard.
      </p>
      <ForwardRef(LinkComponent)
        className="mr-2 mb-2 inline-flex items-center rounded-lg px-5 py-2.5 text-center text-sm font-medium text-white bg-primary-600 hover:bg-primary-600 dark:hover:bg-primary-400 focus:outline-none focus:ring-2 focus:ring-primary-500 focus:ring-offset-2 focus:ring-primary-300 dark:focus:ring-offset-primary-900 dark:focus:ring-primary-700"
        href="/api/admin/login"
      >
        <x
          className="h-5 w-5 mr-2"
        />
         Sign in with GitHub
      </ForwardRef(LinkComponent)>
    </Card>
    <div
      className="sm:mx-auto sm:w-full sm:max-w-md xs:pl-0 sm:pl-4 text-left -mt-6 dark:text-white"
    >
      <ForwardRef(LinkComponent)
        className="hover:underline"
        href="/"
      >
        <ForwardRef(ArrowLongLeftIcon)
          className="h-6 w-6 inline mr-2"
        />
        Go to 
        Elegant - The unit testing application.
      </ForwardRef(LinkComponent)>
    </div>
  </main>
</React.Fragment>
`;
