// Jest Snapshot v1, https://goo.gl/fbAQLP

exports[`The Admin Log In page renders properly 1`] = `
<main
  className="relative flex h-screen flex-col items-center justify-center z-10 p-4"
>
  <Card>
    <p
      className="mb-5 dark:text-slate-200"
    >
      Sign in with GitHub to access yourÂ dashboard.
    </p>
    <a
      className="mr-2 mb-2 inline-flex items-center rounded-lg px-5 py-2.5 text-center text-sm font-medium text-white bg-primary-600 hover:bg-primary-600 dark:hover:bg-primary-400 focus:outline-none focus:ring-2 focus:ring-primary-500 focus:ring-offset-2 focus:ring-primary-300 dark:focus:ring-offset-primary-900 dark:focus:ring-primary-700"
      href="/api/admin/login"
    >
      <GitHubIcon
        className="h-5 w-5 mr-2"
      />
       Sign in with GitHub
    </a>
  </Card>
</main>
`;
