// Jest Snapshot v1, https://goo.gl/fbAQLP

exports[`Powered By Elegant component renders a powered by Elegant component 1`] = `
<div
  className="border-t border-zinc-100 pb-8 pt-8 dark:border-zinc-700/40"
>
  <div
    className="flex flex-row items-center justify-center text-sm font-regular text-zinc-800 dark:text-zinc-200"
  >
    Powered by
    <a
      aria-label="Powered by the Elegant framework"
      className="font-semibold hover:text-rose-500 dark:hover:text-rose-400 pl-1"
      href="http://elegantframework.com/"
      rel="noreferrer"
      target="_blank"
    >
      Elegant
    </a>
    .
  </div>
</div>
`;
