// Jest Snapshot v1, https://goo.gl/fbAQLP

exports[`App Config matches the existing snapshot when an env var is set 1`] = `
{
  "name": "Elegant - The unit testing application.",
}
`;
