// Jest Snapshot v1, https://goo.gl/fbAQLP

exports[`Legal Page layout component renders the proper html as expected 1`] = `
<main
  className="max-w-3xl mx-auto relative z-20 pt-10 pb-20 sm:pb-10 px-6 sm:px-8 md:px-10"
>
  <div>
    Hello World!
  </div>
</main>
`;
